[2026-02-06 10:42:09] /Users/eshovlan/.silabs/pycommander/bin/Commander-cli.app/Contents/MacOS/commander-cli hello world
[2026-02-06 10:42:10] Command failed with return code 255: ERROR: Unknown command: hello
DONE

[2026-02-06 10:45:48] /Users/eshovlan/.silabs/pycommander/bin/Commander-cli.app/Contents/MacOS/commander-cli hello world
[2026-02-06 10:45:48] Command failed with return code 255: ERROR: Unknown command: hello
DONE

[2026-02-06 10:51:38] /Users/eshovlan/.silabs/pycommander/bin/Commander-cli.app/Contents/MacOS/commander-cli hello world
[2026-02-06 10:51:38] Command failed with return code 255: ERROR: Unknown command: hello
DONE

[2026-02-06 10:52:13] /Users/eshovlan/.silabs/pycommander/bin/Commander-cli.app/Contents/MacOS/commander-cli adapter probe -h
[2026-02-06 10:53:53] /Users/eshovlan/.silabs/pycommander/bin/Commander-cli.app/Contents/MacOS/commander-cli util genkeyconfig --device Si917 --outfile keys.json --json
[2026-02-06 10:54:56.410930] /Users/eshovlan/.silabs/pycommander/bin/Commander-cli.app/Contents/MacOS/commander-cli util genkeyconfig --device Si917 --outfile keys.json --json
[2026-02-06 11:05:13.762823] /Users/eshovlan/.silabs/pycommander/bin/Commander-cli.app/Contents/MacOS/commander-cli adapter probe -h
[2026-02-06 11:05:26.051132] /Users/eshovlan/.silabs/pycommander/bin/Commander-cli.app/Contents/MacOS/commander-cli adapter probe -h --json
[2026-02-06 11:07:19.732003] /Users/eshovlan/.silabs/pycommander/bin/Commander-cli.app/Contents/MacOS/commander-cli adapter probe -h --json
[2026-02-06 11:07:45.095982] /Users/eshovlan/.silabs/pycommander/bin/Commander-cli.app/Contents/MacOS/commander-cli adapter probe -h --json
[2026-02-06 11:09:53.561054] /Users/eshovlan/.silabs/pycommander/bin/Commander-cli.app/Contents/MacOS/commander-cli util genkeyconfig --device Si917 --outfile keys.json --json
[2026-02-06 11:09:59.745313] /Users/eshovlan/.silabs/pycommander/bin/Commander-cli.app/Contents/MacOS/commander-cli util genkeyconfig --device Si917 --outfile keys.json --json
[2026-02-06 11:10:23.471655] /Users/eshovlan/.silabs/pycommander/bin/Commander-cli.app/Contents/MacOS/commander-cli util genkeyconfig --device Si917 --outfile keys.json --json
[2026-02-06 11:10:25.627086] /Users/eshovlan/.silabs/pycommander/bin/Commander-cli.app/Contents/MacOS/commander-cli util genkeyconfig --device Si917 --outfile keys.json --json
[2026-02-06 11:10:27.124610] /Users/eshovlan/.silabs/pycommander/bin/Commander-cli.app/Contents/MacOS/commander-cli util genkeyconfig --device Si917 --outfile keys.json --json
[2026-02-06 11:10:32.770127] /Users/eshovlan/.silabs/pycommander/bin/Commander-cli.app/Contents/MacOS/commander-cli util genkeyconfig --device Si917 --outfile keys.json --json
[2026-02-06 11:10:37.231832] /Users/eshovlan/.silabs/pycommander/bin/Commander-cli.app/Contents/MacOS/commander-cli util genkeyconfig --device Si917 --outfile keys.json --json
[2026-02-06 11:10:42.233696] /Users/eshovlan/.silabs/pycommander/bin/Commander-cli.app/Contents/MacOS/commander-cli util genkeyconfig --device Si917 --outfile keys.json --json
[2026-02-06 13:17:54.731772] /Users/eshovlan/.silabs/pycommander/bin/Commander-cli.app/Contents/MacOS/commander-cli adapter probe --device Si917 --json
[2026-02-06 13:18:04.621139] /Users/eshovlan/.silabs/pycommander/bin/Commander-cli.app/Contents/MacOS/commander-cli adapter probe --device Si917 --json
[2026-02-06 13:51:05.307354] /Users/eshovlan/.silabs/pycommander/bin/Commander-cli.app/Contents/MacOS/commander-cli adapter probe --serialno 440343139 --device Si917 --json
[2026-02-06 13:51:17.164266] /Users/eshovlan/.silabs/pycommander/bin/Commander-cli.app/Contents/MacOS/commander-cli adapter probe --serialno 440343139 --device Si917 --json
[2026-02-06 13:51:46.983094] /Users/eshovlan/.silabs/pycommander/bin/Commander-cli.app/Contents/MacOS/commander-cli adapter probe --serialno 440343139 --ip JLINK440343139 --device Si917 --json
[2026-02-06 13:51:47.030820] Command failed with return code 255: {
    "error": [
        "More than one J-Link connection option (serialno, identifybyserialport, ip) was provided, use only one."
    ],
    "success": false
}

[2026-02-06 15:12:46.853499] /Users/eshovlan/.silabs/pycommander/bin/Commander-cli.app/Contents/MacOS/commander-cli device info --serialno 440343139 --json
[2026-02-06 15:13:07.783282] /Users/eshovlan/.silabs/pycommander/bin/Commander-cli.app/Contents/MacOS/commander-cli device info --serialno 440343139 --device EFR32MG24 --json
[2026-02-06 15:13:28.649060] /Users/eshovlan/.silabs/pycommander/bin/Commander-cli.app/Contents/MacOS/commander-cli device info --serialno 440343139 --device EFR32MG24 --json --json
[2026-02-06 15:13:43.565856] /Users/eshovlan/.silabs/pycommander/bin/Commander-cli.app/Contents/MacOS/commander-cli device info --serialno 440343139 --device EFR32MG24 --json
[2026-02-06 15:13:56.546662] /Users/eshovlan/.silabs/pycommander/bin/Commander-cli.app/Contents/MacOS/commander-cli device info --serialno 440343139 --device EFR32MG24 --json
[2026-02-06 15:14:02.483434] /Users/eshovlan/.silabs/pycommander/bin/Commander-cli.app/Contents/MacOS/commander-cli device info --serialno 440343139 --device EFR32MG24 --timestamp --json
